// Jest Snapshot v1, https://goo.gl/fbAQLP

exports[`it renders as expected 1`] = `
<ActivityIndicator
  style={
    Object {
      "alignItems": "center",
      "backgroundColor": "#FDFFFC",
      "flex": 1,
      "justifyContent": "center",
    }
  }
/>
`;
